<?xml version="1.0" encoding="UTF-8"?>
<testsuites name="jest tests" tests="5" failures="0" time="4.134">
  <testsuite name="Banking Transactions &lt;App/&gt;" errors="0" failures="0" skipped="0" timestamp="2021-11-11T23:40:06" time="2.825" tests="5">
    <testcase classname="Banking Transactions &lt;App/&gt; check default/initial state of the application" name="Banking Transactions &lt;App/&gt; check default/initial state of the application" time="0.086">
    </testcase>
    <testcase classname="Banking Transactions &lt;App/&gt; check filter by date" name="Banking Transactions &lt;App/&gt; check filter by date" time="0.034">
    </testcase>
    <testcase classname="Banking Transactions &lt;App/&gt; check sorting by amount" name="Banking Transactions &lt;App/&gt; check sorting by amount" time="0.021">
    </testcase>
    <testcase classname="Banking Transactions &lt;App/&gt; check filter by date and sorting by amount" name="Banking Transactions &lt;App/&gt; check filter by date and sorting by amount" time="0.032">
    </testcase>
    <testcase classname="Banking Transactions &lt;App/&gt; check number of rows rendered" name="Banking Transactions &lt;App/&gt; check number of rows rendered" time="0.014">
    </testcase>
  </testsuite>
</testsuites>